---
source: tests/approved.rs
expression: gitlab_env
---
GitVersion_AssemblySemFileVer=0.1.0.55001
GitVersion_AssemblySemVer=0.1.0.0
GitVersion_BranchName=trunk
GitVersion_BuildMetadata=
GitVersion_CalVerDay=09
GitVersion_CalVerMinor=1
GitVersion_CalVerMonth=03
GitVersion_CalVerYear=2024
GitVersion_CommitDate=2024-03-09
GitVersion_CommitDay=09
GitVersion_CommitMonth=03
GitVersion_CommitYear=2024
GitVersion_CommitsSinceVersionSource=0
GitVersion_EscapedBranchName=trunk
GitVersion_FullBuildMetaData=
GitVersion_FullSemVer=0.1.0-pre.1
GitVersion_InformationalVersion=0.1.0-pre.1
GitVersion_Major=0
GitVersion_MajorMinorPatch=0.1.0
GitVersion_MajorMinorPatchVersionSourceSha=
GitVersion_Minor=1
GitVersion_Patch=0
GitVersion_PreReleaseLabel=pre
GitVersion_PreReleaseLabelWithDash=-pre
GitVersion_PreReleaseNumber=1
GitVersion_PreReleaseTag=pre.1
GitVersion_PreReleaseTagWithDash=-pre.1
GitVersion_PreviousPreReleases=[]
GitVersion_SemVer=0.1.0-pre.1
GitVersion_Sha=########################################
GitVersion_ShortSha=#######
GitVersion_UncommittedChanges=0
GitVersion_VersionSourceSha=
GitVersion_WeightedPreReleaseNumber=55001
