---
source: tests/cli_no_configuration.rs
description: "* ##SHA## (HEAD -> my-feature/feature) 0.1.0-feature.1\n* ##SHA## (trunk) 0.1.0-pre.1\n* ##SHA## 0.1.0-pre.1\n"
info:
  program: git-versioner
  args:
    - "--feature-branch"
    - my-feature/(?<BranchName>.*)
---
success: true
exit_code: 0
----- stdout -----
{
  "Major": 0,
  "Minor": 1,
  "Patch": 0,
  "PreReleaseTag": "feature.1",
  "PreReleaseTagWithDash": "-feature.1",
  "PreReleaseLabel": "feature",
  "PreReleaseLabelWithDash": "-feature",
  "PreReleaseNumber": 1,
  "WeightedPreReleaseNumber": 60001,
  "BuildMetadata": "",
  "FullBuildMetaData": "",
  "MajorMinorPatch": "0.1.0",
  "SemVer": "0.1.0-feature.1",
  "AssemblySemVer": "0.1.0",
  "AssemblySemFileVer": "",
  "InformationalVersion": "0.1.0-feature.1",
  "FullSemVer": "0.1.0-feature.1",
  "BranchName": "my-feature/feature",
  "EscapedBranchName": "my-feature-feature",
  "Sha": "",
  "ShortSha": "",
  "VersionSourceSha": "",
  "CommitsSinceVersionSource": 0,
  "CommitDate": "",
  "UncommittedChanges": 0
}

----- stderr -----
