---
source: tests/cli_no_configuration.rs
info:
  program: git-versioner
  args:
    - "--help"
---
success: true
exit_code: 0
----- stdout -----
A tool to manage versions of git repositories

Usage: git-versioner [OPTIONS]

Options:
  -p, --path <PATH>                        
      --main-branch <MAIN_BRANCH>          
      --release-branch <RELEASE_BRANCH>    
      --feature-branch <FEATURE_BRANCH>    
      --tag-prefix <TAG_PREFIX>            
      --pre-release-tag <PRE_RELEASE_TAG>  
      --continuous-delivery                Calculate version using continuous delivery mode
      --show-config                        Outputs effective git-versioner config in toml format
  -v, --verbose                            
  -a, --as-release                         If the version is pre-release, generate release instead
  -c, --config <CONFIG_FILE>               Path to a configuration file (TOML or YAML)
  -h, --help                               Print help
  -V, --version                            Print version

----- stderr -----
