---
source: tests/main.rs
info:
  program: git-versioner
  args:
    - "--help"
---
success: true
exit_code: 0
----- stdout -----
Usage: git-versioner [OPTIONS]

Options:
  -r, --repo-path <REPO_PATH>      
  -m, --main-branch <MAIN_BRANCH>  
  -v, --verbose                    
  -h, --help                       Print help
  -V, --version                    Print version

----- stderr -----
